// Jest Snapshot v1, https://goo.gl/fbAQLP

exports[`matches snapshot 1`] = `
<DocumentFragment>
  <div
    class="App"
  >
    <form>
      <label
        for="task"
      >
        Task
      </label>
      <input
        id="task"
        name="task"
        type="text"
        value=""
      />
      <input
        type="submit"
      />
    </form>
    <ul />
  </div>
</DocumentFragment>
`;
