// Jest Snapshot v1, https://goo.gl/fbAQLP

exports[`matches snapshot 1`] = `
<DocumentFragment>
  <div>
    <p />
    <form>
      <input
        type="submit"
        value="X"
      />
    </form>
  </div>
</DocumentFragment>
`;
